[2025-11-27 22:57:35,391: INFO: main: >>>>>> Data Ingestion Stage started <<<<<<]
[2025-11-27 22:57:35,414: INFO: common: YAML file C:\Users\hp\Regex\DLproject\config\config.yaml loaded successfully]
[2025-11-27 22:57:35,415: INFO: common: YAML file C:\Users\hp\Regex\DLproject\params.yaml loaded successfully]
[2025-11-27 22:57:35,415: INFO: common: created directory at: artifacts]
[2025-11-27 22:57:35,415: INFO: common: created directory at: artifacts/data_ingestion]
[2025-11-27 22:58:08,266: INFO: data_ingestion: artifacts\data_ingestion\data.zip download! with following info: 
Connection: close
Content-Length: 11616915
Cache-Control: max-age=300
Content-Security-Policy: default-src 'none'; style-src 'unsafe-inline'; sandbox
Content-Type: application/zip
ETag: "adf745abc03891fe493c3be264ec012691fe3fa21d861f35a27edbe6d86a76b1"
Strict-Transport-Security: max-age=31536000
X-Content-Type-Options: nosniff
X-Frame-Options: deny
X-XSS-Protection: 1; mode=block
X-GitHub-Request-Id: 9C02:96520:2EE2A5:54D80A:692889FA
Accept-Ranges: bytes
Date: Thu, 27 Nov 2025 17:27:23 GMT
Via: 1.1 varnish
X-Served-By: cache-del21741-DEL
X-Cache: MISS
X-Cache-Hits: 0
X-Timer: S1764264442.251078,VS0,VE890
Vary: Authorization,Accept-Encoding
Access-Control-Allow-Origin: *
Cross-Origin-Resource-Policy: cross-origin
X-Fastly-Request-ID: 0608f4216104d740386dd1d376e61a467f41df7d
Expires: Thu, 27 Nov 2025 17:32:23 GMT
Source-Age: 1

]
[2025-11-27 22:58:08,819: INFO: main: >>>>>> Data Ingestion Stage completed <<<<<<

x==========x]
[2025-12-02 16:05:03,610: INFO: common: YAML file C:\Users\hp\Regex\PROJECTS\DLproject\config\config.yaml loaded successfully]
[2025-12-02 16:05:03,615: INFO: common: YAML file C:\Users\hp\Regex\PROJECTS\DLproject\params.yaml loaded successfully]
[2025-12-02 16:05:03,619: INFO: common: created directory at: artifacts]
[2025-12-02 16:05:03,620: INFO: common: created directory at: artifacts/prepare_base_model]
[2025-12-02 16:05:46,141: WARNING: saving_api: You are saving your model as an HDF5 file via `model.save()` or `keras.saving.save_model(model)`. This file format is considered legacy. We recommend using instead the native Keras format, e.g. `model.save('my_model.keras')` or `keras.saving.save_model(model, 'my_model.keras')`. ]
[2025-12-02 16:05:46,324: WARNING: saving_api: You are saving your model as an HDF5 file via `model.save()` or `keras.saving.save_model(model)`. This file format is considered legacy. We recommend using instead the native Keras format, e.g. `model.save('my_model.keras')` or `keras.saving.save_model(model, 'my_model.keras')`. ]
[2025-12-03 15:41:08,586: INFO: main: >>>>>> Data Ingestion Stage started <<<<<<]
[2025-12-03 15:41:08,600: INFO: common: YAML file D:\Regex\PROJECTS\DLproject\config\config.yaml loaded successfully]
[2025-12-03 15:41:08,615: INFO: common: YAML file D:\Regex\PROJECTS\DLproject\params.yaml loaded successfully]
[2025-12-03 15:41:08,615: INFO: common: created directory at: artifacts]
[2025-12-03 15:41:08,616: INFO: common: created directory at: artifacts/data_ingestion]
[2025-12-03 15:41:08,616: INFO: data_ingestion: File already exists of size: ~ 11345 KB]
[2025-12-03 15:41:08,879: INFO: main: >>>>>> Data Ingestion Stage completed <<<<<<

x==========x]
[2025-12-03 15:41:08,879: INFO: main: >>>>>> Prepare Base Model started <<<<<<]
[2025-12-03 15:41:08,880: INFO: common: YAML file D:\Regex\PROJECTS\DLproject\config\config.yaml loaded successfully]
[2025-12-03 15:41:08,882: INFO: common: YAML file D:\Regex\PROJECTS\DLproject\params.yaml loaded successfully]
[2025-12-03 15:41:08,882: INFO: common: created directory at: artifacts]
[2025-12-03 15:41:08,882: INFO: common: created directory at: artifacts/prepare_base_model]
[2025-12-03 15:41:09,504: WARNING: saving_api: You are saving your model as an HDF5 file via `model.save()` or `keras.saving.save_model(model)`. This file format is considered legacy. We recommend using instead the native Keras format, e.g. `model.save('my_model.keras')` or `keras.saving.save_model(model, 'my_model.keras')`. ]
[2025-12-03 15:41:09,690: WARNING: saving_api: You are saving your model as an HDF5 file via `model.save()` or `keras.saving.save_model(model)`. This file format is considered legacy. We recommend using instead the native Keras format, e.g. `model.save('my_model.keras')` or `keras.saving.save_model(model, 'my_model.keras')`. ]
[2025-12-03 15:41:09,876: INFO: main: >>>>>> Prepare Base Model completed <<<<<<

x==========x]
[2025-12-05 16:49:06,316: INFO: common: YAML file D:\Regex\PROJECTS\DLproject\config\config.yaml loaded successfully]
[2025-12-05 16:49:06,351: INFO: common: YAML file D:\Regex\PROJECTS\DLproject\params.yaml loaded successfully]
[2025-12-05 16:49:06,358: INFO: common: created directory at: artifacts]
[2025-12-05 16:50:00,946: INFO: common: YAML file D:\Regex\PROJECTS\DLproject\config\config.yaml loaded successfully]
[2025-12-05 16:50:00,954: INFO: common: YAML file D:\Regex\PROJECTS\DLproject\params.yaml loaded successfully]
[2025-12-05 16:50:00,956: INFO: common: created directory at: artifacts]
[2025-12-05 16:50:00,961: INFO: common: created directory at: artifacts\prepare_callbacks\checkpoint_dir]
[2025-12-05 16:50:00,963: INFO: common: created directory at: artifacts\prepare_callbacks\tensorboard_log_dir]
[2025-12-06 13:01:22,336: INFO: common: YAML file D:\Regex\PROJECTS\DLproject\config\config.yaml loaded successfully]
[2025-12-06 13:01:22,362: INFO: common: YAML file D:\Regex\PROJECTS\DLproject\params.yaml loaded successfully]
[2025-12-06 13:01:22,367: INFO: common: created directory at: artifacts]
[2025-12-06 13:01:22,369: INFO: common: created directory at: artifacts\prepare_callbacks\checkpoint_dir]
[2025-12-06 13:01:22,371: INFO: common: created directory at: artifacts\prepare_callbacks\tensorboard_log_dir]
[2025-12-06 13:01:22,374: INFO: common: created directory at: artifacts\training]
[2025-12-06 13:05:08,206: WARNING: saving_api: You are saving your model as an HDF5 file via `model.save()` or `keras.saving.save_model(model)`. This file format is considered legacy. We recommend using instead the native Keras format, e.g. `model.save('my_model.keras')` or `keras.saving.save_model(model, 'my_model.keras')`. ]
[2025-12-06 13:05:08,425: WARNING: saving_api: You are saving your model as an HDF5 file via `model.save()` or `keras.saving.save_model(model)`. This file format is considered legacy. We recommend using instead the native Keras format, e.g. `model.save('my_model.keras')` or `keras.saving.save_model(model, 'my_model.keras')`. ]
[2025-12-06 14:18:29,430: INFO: main: >>>>>> Data Ingestion Stage started <<<<<<]
[2025-12-06 14:18:29,435: INFO: common: YAML file D:\Regex\PROJECTS\DLproject\config\config.yaml loaded successfully]
[2025-12-06 14:18:29,438: INFO: common: YAML file D:\Regex\PROJECTS\DLproject\params.yaml loaded successfully]
[2025-12-06 14:18:29,438: INFO: common: created directory at: artifacts]
[2025-12-06 14:18:29,440: INFO: common: created directory at: artifacts/data_ingestion]
[2025-12-06 14:18:29,440: INFO: data_ingestion: File already exists of size: ~ 11345 KB]
[2025-12-06 14:18:29,887: INFO: main: >>>>>> Data Ingestion Stage completed <<<<<<

x==========x]
[2025-12-06 14:18:29,889: INFO: main: >>>>>> Prepare Base Model started <<<<<<]
[2025-12-06 14:18:29,893: INFO: common: YAML file D:\Regex\PROJECTS\DLproject\config\config.yaml loaded successfully]
[2025-12-06 14:18:29,895: INFO: common: YAML file D:\Regex\PROJECTS\DLproject\params.yaml loaded successfully]
[2025-12-06 14:18:29,895: INFO: common: created directory at: artifacts]
[2025-12-06 14:18:29,895: INFO: common: created directory at: artifacts/prepare_base_model]
[2025-12-06 14:18:30,516: WARNING: saving_api: You are saving your model as an HDF5 file via `model.save()` or `keras.saving.save_model(model)`. This file format is considered legacy. We recommend using instead the native Keras format, e.g. `model.save('my_model.keras')` or `keras.saving.save_model(model, 'my_model.keras')`. ]
[2025-12-06 14:18:30,742: WARNING: saving_api: You are saving your model as an HDF5 file via `model.save()` or `keras.saving.save_model(model)`. This file format is considered legacy. We recommend using instead the native Keras format, e.g. `model.save('my_model.keras')` or `keras.saving.save_model(model, 'my_model.keras')`. ]
[2025-12-06 14:18:30,880: INFO: main: >>>>>> Prepare Base Model completed <<<<<<

x==========x]
